                                                       
                                                       
                                                       
                                                       
                                                       
                                                       
                                                       
                                                       
                                                       
                                                       
                         - - - - - - - - - - - - - -   
                        |XXXXXXX|XXXXXXXXX|XXXXXXXXX|  
                         - - X - X - - - X X - X - X   
                        |XX0XXXXXX|XXXXX|X|XXXXXXXXX|  
                         X - X X X X - - X - X - - X   
                        |XXX|XXXXXXX|XXX|XXX|XXX|3XX|  
                         - X X - X - X X - X X X - X   
                          |X|XXXXX|XXX|X| |1XXXX|XXX|  
                         - X - - - X X X - - X X - X   
                        |XXX|XXXXXXXXX|X|XXXXX|XXXXX|  
                         X - X - - - X X X - - X - X   
                        |X| |2|XXXXXXX|XXX|XXXXXXXXX|  
                         X - X X - - X - - X - - - X   
                        |XXXXXXXXXXXXXXXXXXXXXXXXXXX|  
                         - - - - - - - - - - - - - -   
                                                       
                                                       
